../Core/Src/main.c:118:5:main	24	static
../Core/Src/main.c:276:6:SystemClock_Config	88	static
../Core/Src/main.c:323:13:MX_ADC1_Init	56	static
../Core/Src/main.c:427:13:MX_ADC2_Init	40	static
../Core/Src/main.c:495:13:MX_DAC1_Init	56	static
../Core/Src/main.c:549:13:MX_TIM1_Init	104	static
../Core/Src/main.c:621:13:MX_TIM2_Init	48	static
../Core/Src/main.c:670:13:MX_TIM4_Init	48	static
../Core/Src/main.c:719:13:MX_TIM6_Init	24	static
../Core/Src/main.c:757:13:MX_TIM7_Init	24	static
../Core/Src/main.c:795:13:MX_USART2_UART_Init	8	static
../Core/Src/main.c:841:13:MX_DMA_Init	16	static
../Core/Src/main.c:863:13:MX_GPIO_Init	40	static
../Core/Src/main.c:890:6:HAL_TIM_PeriodElapsedCallback	16	static
../Core/Src/main.c:898:5:__io_putchar	24	static
../Core/Src/main.c:906:5:_write	32	static
../Core/Src/main.c:922:6:Error_Handler	4	static,ignoring_inline_asm
